// Jest Snapshot v1, https://goo.gl/fbAQLP

exports[`<FilterCheckbox /> spec Snapshot:renders the component 1`] = `
<li
  className="filter-element checkbox-filter"
>
  <label
    className="filter-element__text"
  >
     
    Photo
    <input
      className="filter-element__checkbox"
      onChange={[Function]}
      type="checkbox"
    />
  </label>
</li>
`;
